// Jest Snapshot v1, https://goo.gl/fbAQLP

exports[`<Page /> should render default and default position is relative 1`] = `
<div>
  <div
    class="eh-spin eh-page-wrap"
  >
    <div
      class="eh-spin-roller"
    >
      <div />
    </div>
    <div
      class="eh-spin-mask"
    />
    <div
      class="eh-spin-children"
    >
      <div
        class="eh-page"
        style="height: 768px;"
      >
        innerHTML
      </div>
    </div>
  </div>
</div>
`;
